// Jest Snapshot v1, https://goo.gl/fbAQLP

exports[`src/components/Display <Display /> snapshots should match the snapshot with the default props 1`] = `
<styled.div>
  <styled.input
    readOnly={true}
    value="Testing cannot continue until your Companion Cube has been incinerated."
  />
</styled.div>
`;
